-- output/other.valibot.ts --
// Code generated by protoc-gen-valibot. DO NOT EDIT.
// source: other.proto

// eslint-disable
// biome-ignore format lint: 
import { object, string } from 'valibot'

export const OtherFileSchema = () => object({
	name: string()
})

-- output/sample.valibot.ts --
// Code generated by protoc-gen-valibot. DO NOT EDIT.
// source: sample.proto

// eslint-disable
// biome-ignore format lint: 
import { any, array, minLength, number, object, record, string } from 'valibot'

import { OtherFileSchema } from './other.valibot'

export const SameFileSchema = () => object({
	name: string()
})

export const StructSchema = () => object({
	values: any()
})

export const TestMessageSchema = () => object({
	name: string(),
 	id: number(),
 	email: array(string(), [minLength(1)]),
 	sameFile: SameFileSchema(),
 	otherFile: OtherFileSchema(),
 	map: record(string(), StructSchema())
})

